-------------------------------------------------
User:   
Test0:          	 20  of 20 
Test1:          	 0   of 20 
Test2:                   0   of 20 
Test3:                   0   of 20 
Test4:                   0   of 20 
--------------------------------------------------
Total:                   20  of 100
